// Jest Snapshot v1, https://goo.gl/fbAQLP

exports[`<ToDoPage /> snapshots default render 1`] = `
<div
  className="ToDo__container row"
>
  <div
    className="Todo__creation col-12"
  >
    <input
      className="Todo__input"
      onKeyDown={[Function]}
      placeholder="What need to be done?"
    />
  </div>
  <div
    className="ToDo__list col-12"
  >
    <div
      className="text-center"
    >
      No to do item with the following status: 
      <strong>
        all
      </strong>
    </div>
  </div>
  <div
    className="Todo__toolbar col-12"
  >
    <div
      className="Todo__tabs"
    >
      <button
        className="Action__btn all disabled"
        onClick={[Function]}
      >
        All
      </button>
      <button
        className="Action__btn active"
        onClick={[Function]}
      >
        Active
      </button>
      <button
        className="Action__btn completed"
        onClick={[Function]}
      >
        Completed
      </button>
    </div>
    <button
      className="Action__btn clear-all"
      onClick={[Function]}
    >
      Clear all todos
    </button>
  </div>
</div>
`;
